HTTP return code:200
{"total":312,"count":312,"data":{"openid":["oNoka0-uhx9q9c3S-p1fnqZ3Qsc0","oNoka00pGv03vKBGGLMgyfa8VvsU","oNoka04HPn0ze0bY1fy64R7OUDVg","oNoka0zxM2HUeIydQXrAO3yYuQvw","oNoka05B9OXz9EGuC-R7gZzmUK3s","oNoka0yB2USOhzubJIDcjxZ68DSo","oNoka0zKqO-8uEzbJn7B_FVMNIbg","oNoka0wg7rxfL_pBiyzfMWsiCOqE","oNoka03VrlCm1Qj5YkiIIYafHRDs","oNoka0-phbH0gpxspugzwg2XqSlw","oNoka08Ln1NxFyG-dJBR1DYLXe3Q","oNoka01yf8lyaazT6EXJsaDdE8HM","oNoka067aU8sb9zuz_DhSQ0Mx0cg","oNoka07V2PHu7E9iOUjGtmUjw6sc","oNoka0-3C5nZFO3RSMezEs9j55MU","oNoka0zLuvyD3OVg42yXsSQDhSWY","oNoka0-mTNC_S88U0unGHyC-Zzr4","oNoka0_3jQJmMxK5ybYIIOgYJPD8","oNoka0wpU_GmjFACRQ5NK3mahfbo","oNoka08vtkYEdoc8IjDCrXVuuO3o","oNoka07EQlYU3oLgBpEZXs0B5aUg","oNoka02PLpIeThIzBAAZ6QRqro14","oNoka0-u1THf8z6hIbksPoGe0Kfs","oNoka018ci-QJkh9LwuSPZkjamxc","oNoka07BVERL8CH_d9ns_qO73-Sg","oNoka05iC8oX0OnlfMsv5rWpE7Lw","oNoka04YTP2xZihPC8DwRLmBPtME","oNoka00zuppFz-zaDL2hB38iOLjI","oNoka0yHvGPqgsPfXS-lnhDWzfdc","oNoka0-4ornqfhjuaFiLn1dEf34M","oNoka05eEGbvtRn-fxm7yfdr_qaM","oNoka073Gh2jxpjDBr2tfmSnOdus","oNoka0xqPrBJZf_S8zTPprkEXLLQ","oNoka01eJ9Xk-KAy153b7hWNoFdk","oNoka0_WdHQZEWFWI0j37OzrvvKU","oNoka0zB-xqzL-Ww4Q0reHPXbzqA","oNoka0z4y0ZoShAzYZAsoXhXeIBg","oNoka04ORWdvGaRd2UnFZsYAkKbU","oNoka06FMDtys6A14N6shrI-Bk2M","oNoka0_CYqvkrjnG1JQbE7fS8EFg","oNoka064qEDGnIMJ3FlYSLsODt8s","oNoka08YniA__WKyWRvBx7KQRVTI","oNoka053gO-eLdsVos8QQbyZbkKg","oNoka070h3D2A-omZNtB0muBYvpU","oNoka0yp6oopo1aH9SW-NUzxEDdE","oNoka0_TB6_iCQ9TMh0qDK6bjl74","oNoka0w3Sck4N5u-LUcYKXJ2lpNQ","oNoka0_ewKuzlX7E-WqBxFTmAZAg","oNoka0zSUB3WKV1MR2uqDxS_WF9E","oNoka076xWlpUQl5ou-DUGYV6xh8","oNoka00deHNDGnliXsnSIK6mA-aM","oNoka04ybtZoNUAavE8YpCjN_NVw","oNoka06Gl2N2HWQOqxWtioTCj7M8","oNoka0xZhD0OlhPQOqAlYqcBI4hw","oNoka043LiOCO_pamRpZNWONy4co","oNoka05TwsOZ4HG7as_txWOlRhAU","oNoka00Aea0yfFfHk7KrdXgl3XRY","oNoka04-CTH-CzohE-BSQks84KGc","oNoka0wML_BdtdneXqqhDV7rsfyw","oNoka05TJN766pCeUcgQwsSYbprs","oNoka0807XvQHG9c_oQ3h523J6js","oNoka0wMl9oczOWfzrcGfsAotgWk","oNoka0x14EB6jxnlsUgtte54xZ3A","oNoka0-mc0omH_9pkq_i0dOazgAM","oNoka0xBHASNZ7ruCGX66P5Wmbi0","oNoka09g5MoaZd7a9W9zhis2DlSY","oNoka0xtdA6Hpcw3f5QdbhBBuIOk","oNoka04OL2BLa2L9cukOxZi-Qj1s","oNoka02IiSKzTKiuOPWwgQDmey5I","oNoka026sCdzpQbp8dgUTE-gz_jU","oNoka06Xabj3aBSDqKnkCBlxMeVg","oNoka04mvMzmcNZSjiVT-WnIoE7k","oNoka0wAnZCQRV_fDO_Te6ox9dHU","oNoka04J4vK0FZ7a445iI_fMzk9M","oNoka0zlA0GVWGYyRde9-8UK2Qpo","oNoka08lfgvp1WoY5aSaKtJ7WmeQ","oNoka02Wb1IVLl2q3E06bmcx0Ako","oNoka01w4uaVN-HJzfKQSaSl2mrA","oNoka04QL_DLkBxFgNRlYhrQDmqs","oNoka05KJwuSDV3e-9sdj1i6augA","oNoka09HD-NtQawvBC_sz7P4zUms","oNoka0zrXmYKMC_lZ4eaOJRVom08","oNoka032OX4HlOvLFjAu0peX31Lo","oNoka03j9gS3jl2h8-lY0s6FEIzk","oNoka03e-zdRw4YnzJbpNAZPbXDI","oNoka02illVQBk9Hw2iUWXhfXigE","oNoka02a8WtKQ5FaIc8zbf2D06Ss","oNoka07swbZSEYRTR_oKpbzwgCQ0","oNoka004GVShRlOfJi_uWSeEnnQk","oNoka08VacVS14bo-Si8qpNfNVik","oNoka01Z8nQY7r5toB0LsvPPRvqY","oNoka04CxHUkqtby-h8mGOWuRsRE","oNoka03dVoubojglBr1Imm9M3NSc","oNoka017_a-hdqrgvjz7jZhFobj8","oNoka0wI4cocjkR9XSuIMuG_tNM8","oNoka00_Ks7xSltoz1BgxbgDqYIk","oNoka09Bd9opMzal9Vd0Iu_g61aA","oNoka00RTEOSGYfeqgmWC8FcmnDY","oNoka01yMOrVw16TWYengBNc-zxc","oNoka05IBhaKopwFB98aPOAs3Jtk","oNoka00TXgjWrlf6htCMJQssaVqQ","oNoka03oaVrkjw3nRSbBXRZIGzvo","oNoka09ytULTv8aMOKUn6LanqV-g","oNoka063ErhC2SDbCmkK14mDujiE","oNoka01eQEutFb6_W3Lykoc-N9qM","oNoka0z7sNHkrvC-BmAlMnAQKDfI","oNoka06pti8fdqQ_hHrbidUgPi2w","oNoka05Y8Lxs3u7P47XQuf-X_eNA","oNoka06N_l1n_ATpVi55ygdThF9c","oNoka01xP7nK_daFAEwx7fp7J2Lc","oNoka0wwTRRdINmlPYpN3O4qYMYI","oNoka05nFsv9j0rZju7JMtusYinc","oNoka00UdtmmAH0_vZV7I5vi-syk","oNoka02CYT402btnvwVmpSz9nQis","oNoka02C6Z2wWNTkKuMMSG6TZzQI","oNoka066MmbutFrEJ88qZG1cthH0","oNoka02Gvt58A7LOjuTFFHN4Tk78","oNoka03pmjLDzxR4D2hkoE4Foc8Y","oNoka04gLkj_PSR8KBhh0jmkgyew","oNoka0zjHVj4qBhfK8ZMSjBKjcE0","oNoka026rXcoav22Xp2SHtQU2gKY","oNoka0_guYa-lcpInZCK3djceAwE","oNoka03yjl4HE34wHfqa7E4pVsBo","oNoka07HBxYmED0pzQHlKaL_viaU","oNoka03x66lwJQwCYvac26AVHtuw","oNoka0yAlL-Rkx746pVLPOU6lfgM","oNoka00gyo2ViN-bhxg6qbFuAxj8","oNoka0_0SM4bDrzCnAjpNHgXF4b4","oNoka0wCZZbEIGaqMrGDgMaZiEiY","oNoka0whVwGi6NM7CMswbGwVcdEI","oNoka018_adEoqaCY3dXBCDMVgEo","oNoka09QAnWbtxCRPSqitutYuSLc","oNoka06CbXjHGKkADFSjK3l869IY","oNoka07gqDSrOvUllabXUy2R3hsc","oNoka0zsgFoe8vbzYbCAxvCY4OhQ","oNoka01p5NU6TF2XkOI9uL6rpznY","oNoka037WRc2eWruT5MApmhXfvSk","oNoka0wmSej5RcRlhVJrHELcwV_Y","oNoka09VzzPFPD_ppOGuOj23KchM","oNoka09Fku_4ReDEd_QrQ6hYlBYs","oNoka0-FDZ0SjyGfCgkDWWeWvlFg","oNoka0xeBJ-RLG5ZsLbDFhDTiEqc","oNoka0wIOOYkvVhpoNmJ_iQlfmkI","oNoka09oVm-TKWQ-z7eF_3o0YJPU","oNoka02chTygrr3qx_eHqLw2XhFw","oNoka04Xn-xHzQXbVYRjpeAfsjT8","oNoka04p7cFgJkayM4kmE9Kt46zU","oNoka0yODo1imzbgqijhqESSBQ3k","oNoka0xDWOZya0SYjL7trxEMmoXg","oNoka01AeH-p3xW1uH7mv-iV6VvM","oNoka00hSdiPYi5sq018l_fphxmE","oNoka00W_mMqxh15yn7w0Np9xbVE","oNoka05vOF_QCB_BhSMDMRKbtCx8","oNoka0ym3VB1ZB4bHY3ZvmSQRzKw","oNoka02WwuFUti8fq4JlCjEbA0cI","oNoka0-cqUUnj-le8Jd58Zwic5bE","oNoka04rtreQETb5cWuf5Hrvm3j0","oNoka03XQkwSSMEYTkQXfLM4a8j0","oNoka0zSOANqJCOT5wOAcG1SreaE","oNoka01H2NBC8I9CD5rBeLd5feGA","oNoka0-Z9g1xlDreRMQxGgsRZL7g","oNoka05EHzO2BAWEkc9_lmN0f8HM","oNoka01S1z1m9yJgOajL7TtrnQL8","oNoka007CiUqnNIxlt65G97iarzw","oNoka0wTTuqEswv3oYTpXN5EyR4U","oNoka0zUvxkq0lE6ROWd3xa8s7_M","oNoka0-gSDCDD5S26RfNAp9cqV90","oNoka01QC8RlWj3Qs8_ubi8bsy4A","oNoka0wIw0pajSRmKDAF_6PgJLKE","oNoka0zkwOPhqkVQpAHBnuSDmc_k","oNoka043Sh9nKlCsDyLqTeIXjXz4","oNoka0-z3fbU0VwCg0vsCVHbKkGs","oNoka0-JfSTvaDrDoHxjpYn01Nk4","oNoka03t7xtY0heiXlqXubfux9aQ","oNoka0y5V5vu4hk8AaPmegBuJxG0","oNoka042hpGoRpg4asmphcbs3SGs","oNoka03Kxy0VWCBjwOcZkn2lunpY","oNoka01M5awZrZilSMPAQXJNvEvs","oNoka0_3qe-jLPmK0KB3lGonxBO8","oNoka0-2fohQ4ZTKxnDsyQJfOymk","oNoka0-x6yzRQQgl_cL5ZVLwpqlU","oNoka06ez3o8yPKREvv2mYf3G75w","oNoka015ncjqG7wAV2agMgghfLlE","oNoka05aAUNglGC_meup18SpYLDg","oNoka0ze4KyxqLmLeo8u0-iR9pm0","oNoka0_oR9goPaXhSv_iE7cO3nv4","oNoka06CvjDoYzDYxIyqqK2xAld4","oNoka02b1grA-yz5V2nUfV_dGL10","oNoka01JukoYwD4kLiuHVr7Onggk","oNoka01AoLkqYGwA3JZOR_Cxini8","oNoka09RNIznZ9vjbyVvqgPYrWEc","oNoka00-UjsaFFN0t0DjYeONATmk","oNoka0w0UnWvsNvicUaJd3LbKd_s","oNoka07Yy6kA0PLswtdLAMQQ-v08","oNoka04AnSukGcqNOvjoZNoZTUTw","oNoka04hkgxyoYl0W9zs1ASYtJ_M","oNoka03tAiLL0Ya_ysxXOAyeOpqc","oNoka04qJEvsM0VWTwMzcNE4Wajw","oNoka00RqKHeE97UmM96htHhwVkw","oNoka0wOhKD7-MpVojHftuCANmao","oNoka07dVyAS-123X_H1xd9-TRTw","oNoka01QqOGz5xNnSB35WYRQL660","oNoka05VhSOZbdzD8wEPqntjs3Xc","oNoka09kf1UPJ-sYO_yg0nys_V4c","oNoka0zFkN40xiishyMo3RBqZPf0","oNoka0wImRr5J-_0-Ti1mEu_fhtg","oNoka04zfEBs7plZS2XSgJIEHToY","oNoka06M3ROgd2fcvmcLmW3hH_gs","oNoka04LoK_S2rmTkrDMxm8onraM","oNoka017q_ihQa_woUBaWukt6efY","oNoka00CHtUmyCGzbC9mNt3RBKHw","oNoka0_4_Q2vrPPm3h9c0pf-I8Wo","oNoka07Vc5IPcVlPcQE52ObRoY3M","oNoka09nL9jLldr8LiDTg4jXV0ac","oNoka0269bvHsRAOs2FgxKRY8whY","oNoka02ux2XDpMa0MufXTilDL1_I","oNoka03ife8GuGM23ct4Qwa7aXWI","oNoka09ZqTK0OBkIL0AU-U0FbIE4","oNoka0yFJcU1X3sTmhJigQIV2L9Y","oNoka0xIAr1_ArO5BA2ATH7fU92E","oNoka05MHGTJZ1Nv5lxBHXsHLdFA","oNoka00qeEXli6kRmmx8hY8KpeNM","oNoka0wuvuOGrlX7J6J_emCo9nmU","oNoka09E17S4NXre-vip0NjMgnuk","oNoka0-jAucW3WCz64LTKKUeED_k","oNoka06qOJwdG2O77FJwN1TvSyuE","oNoka0wQtKbHFmdZSt_HCNcepIms","oNoka04tZf1izzlH5Q00nzTgEnM4","oNoka0zy3vNW_fmaFUF1OGFZRpvY","oNoka0xte4gQbTm_HEUF_JYakw4A","oNoka0xOVOFAGZRh1LXr7wm2Gly4","oNoka06X-OZnJVXgmcw4VHUXIpF8","oNoka08jHHw2AHLn9m7lfOoXGGG8","oNoka0yGzTIjRIWuShgn8u2AJmOs","oNoka09Hforx3TDiR-d_4UHdzhYM","oNoka0wRMuayDLgQEcNMGzPjWEzo","oNoka0wfnjHydTy88HVXrI8CorZM","oNoka03DgLbPj5ys8JuaRKFZJ6io","oNoka033uBveNnx9NgS1VFn_LHxc","oNoka0wpJScar2RTyF3ozafFD5W0","oNoka09YmY9bqC0m8age5f3leBQ8","oNoka06jMzOuxS0aWEvi4CL_Uxa4","oNoka09cb1HSc_JbUmTGs3wBY_t4","oNoka09eABX-wIO6rraoaa2fj1wQ","oNoka08wLaTrdNk1oRorw2HLGytE","oNoka02qpdrRKzz21wE60G9IWQh4","oNoka0-Jiln6Q-Gjsp55f6gJ2g8U","oNoka0_r8XTLrL-IQYZqus8Lu0NQ","oNoka03HKO0A6l6LrTxOhO74fr2U","oNoka0zjYkYOCF0J6O4l8mRkQZ4U","oNoka0xwGXW28uUgC-fUR4_jRUt4","oNoka0_qvVOoaBgoTBCTmPLuaK_U","oNoka0yzKdmyCu4fJDJVO581_BRA","oNoka0zzKLSdCtksZIrCbDfS3XJ4","oNoka0xDgje2lEwqSnew-1pRkyCQ","oNoka09ZaExQgk5EE6sAsrWHCkUo","oNoka04vsCkk-05pNwK-FtDBn9WM","oNoka0yTMsUCKa85JOXKYPUzYDeI","oNoka0_0S0J7scq5cVbroGfizccg","oNoka05FMUgJ_kwemasKi-pIP-pk","oNoka0z3kgdjWX290o1Y22ZdBjSc","oNoka0wd7SBHRYxLJAAYMMP7520A","oNoka02hTRwVKbJ_EPZRK1kHcCtw","oNoka0w_7kn4JLlYE4fxH1NsUs7w","oNoka0wprWqx8uK6UDHCJ3HwdDzo","oNoka0xShONRn-flIJcHIYESOkh8","oNoka05-IllTlLOXiOLyh-Hg1s24","oNoka0ybTuhl5Jsp7jBh74Hgv6hE","oNoka09aQUKQFPn1DMPHfDdXNhFY","oNoka0_SBkLe1AfpBlvYeAL3iqD8","oNoka0zxqwtA9H3RRRYXU6oqOhCM","oNoka00gN4nG9LyKEU6JapAbSNLQ","oNoka0wwzRblpmkBmvyqdGBvOd1c","oNoka0wKgyCvcON2AzZTkSL9sBX8","oNoka03xB8baJTfTFMuqqbK-zblI","oNoka02vlwcl8odyji0WJ9Lk4894","oNoka07s6N5iP09tThhnU-03G1ro","oNoka0yj7YbmEP4T1qkNxDTsWDGc","oNoka0xfR50u-BwEw4JNn2ZskXLg","oNoka0yWkGSLa2a7CdhkPSQmdSQo","oNoka06Jziudy8h4CpxyZDoHrmes","oNoka09YuvUrBjAdabsFFH46M0dY","oNoka0wtxSwhDquzG4R4XGUtpmcg","oNoka0wr4y2rA6gPperpBUKMldVQ","oNoka0_SoOJ_4f6Kz9S0yBmh9yxI","oNoka03jvMhtZegAIkWEF0EBbkBQ","oNoka044NSi6Hh7Hi8D5FaenjLiI","oNoka03FUsoSJ4oRs6cZcWt0Ypvw","oNoka0570BQ7xQR-QKDbAMkgGuXU","oNoka069q55QyLzrkC4cc6Kgisao","oNoka01605mDuLfZDm1kXvH694qo","oNoka0yffenNNllERE7zLgPZ-uro","oNoka03uaGf7-WhOQZMnl095ZEg0","oNoka06JxCPzeSdcj6gPb-kPqfwc","oNoka012RThnbPacA6epiqWBne-8","oNoka0zHuFR4eavLOFE4cXDrz4i4","oNoka05kEHS8f-156LbHHvC6O6w4","oNoka06CxewOlFw95GqxgKS9_71o","oNoka06Mqh7aZxI4RDVg0A1JD41I","oNoka0zTuhfTguMTk5iD6idttQPM","oNoka0-IupCU4CyjigZfpMIe5_-0","oNoka0_AfISl4qMM2enodU3fLuDQ","oNoka02NvkD5H-z1Dk6l0cbgxieA","oNoka00shOhvkK_SAAPhK4BulO-M","oNoka0_hrN79mDnynv5xWgVJ93AQ","oNoka0_8sysg1QisDg1xvZaw7N3s","oNoka0wAxO4BhUDAaglg4cQufkyk","oNoka0-Br_ng2rWGvNMWwhzZZBTw","oNoka04jZt9nYqMQFHsZcxoBi88U","oNoka0_5VJpPdfXMBlzWh96fT2j4","oNoka01plp8HsN6p-Jd0kt1iztfY","oNoka03zyUtVBJvBEONry4gUiYT8"]},"next_openid":"oNoka03zyUtVBJvBEONry4gUiYT8"}
oNoka03zyUtVBJvBEONry4gUiYT8
